ARM Linker, 5.03 [Build 76] [MDK-ARM Lite]

==============================================================================

Section Cross References

    startup.o(STACK) refers (Special) to heapauxi.o(.text) for __use_two_region_memory
    startup.o(HEAP) refers (Special) to heapauxi.o(.text) for __use_two_region_memory
    startup.o(RESET) refers (Special) to heapauxi.o(.text) for __use_two_region_memory
    startup.o(RESET) refers to startup.o(STACK) for StackMem
    startup.o(RESET) refers to ports.o(i.GPIOPortB_Handler) for GPIOPortB_Handler
    startup.o(RESET) refers to timers.o(i.Timer2A_Handler) for Timer2A_Handler
    startup.o(RESET) refers to texas.o(i.Timer4A_Handler) for Timer4A_Handler
    startup.o(RESET) refers to texas.o(i.Timer5A_Handler) for Timer5A_Handler
    startup.o(RESET) refers to __main.o(!!!main) for __main
    startup.o(.text) refers (Special) to heapauxi.o(.text) for __use_two_region_memory
    startup.o(.text) refers to startup.o(HEAP) for HeapMem
    startup.o(.text) refers to startup.o(STACK) for StackMem
    leds.o(i.error) refers to leds.o(i.setLED_D) for setLED_D
    leds.o(i.error) refers to timers.o(i.Delay100ms) for Delay100ms
    leds.o(i.error) refers to leds.o(i.clearLED_D) for clearLED_D
    leds.o(i.error) refers to screens.o(i.play_on_timer) for play_on_timer
    leds.o(i.error) refers to timers.o(.data) for flag
    nokia5110.o(i.Nokia5110_Clear) refers to nokia5110.o(i.lcdwrite) for lcdwrite
    nokia5110.o(i.Nokia5110_Clear) refers to nokia5110.o(i.Nokia5110_SetCursor) for Nokia5110_SetCursor
    nokia5110.o(i.Nokia5110_ClearBuffer) refers to nokia5110.o(.bss) for Screen
    nokia5110.o(i.Nokia5110_DisplayBuffer) refers to nokia5110.o(i.Nokia5110_DrawFullImage) for Nokia5110_DrawFullImage
    nokia5110.o(i.Nokia5110_DisplayBuffer) refers to nokia5110.o(.bss) for Screen
    nokia5110.o(i.Nokia5110_DrawFullImage) refers to nokia5110.o(i.Nokia5110_SetCursor) for Nokia5110_SetCursor
    nokia5110.o(i.Nokia5110_DrawFullImage) refers to nokia5110.o(i.lcdwrite) for lcdwrite
    nokia5110.o(i.Nokia5110_Init) refers to nokia5110.o(i.lcdwrite) for lcdwrite
    nokia5110.o(i.Nokia5110_OutChar) refers to nokia5110.o(i.lcdwrite) for lcdwrite
    nokia5110.o(i.Nokia5110_OutChar) refers to nokia5110.o(.constdata) for ASCII
    nokia5110.o(i.Nokia5110_OutString) refers to nokia5110.o(i.Nokia5110_OutChar) for Nokia5110_OutChar
    nokia5110.o(i.Nokia5110_OutUDec) refers to nokia5110.o(i.Nokia5110_OutString) for Nokia5110_OutString
    nokia5110.o(i.Nokia5110_OutUDec) refers to nokia5110.o(i.Nokia5110_OutChar) for Nokia5110_OutChar
    nokia5110.o(i.Nokia5110_PrintBMP) refers to nokia5110.o(.bss) for Screen
    nokia5110.o(i.Nokia5110_SetCursor) refers to nokia5110.o(i.lcdwrite) for lcdwrite
    operations.o(i.Uart_play) refers to uart.o(i.UART_OutString) for UART_OutString
    operations.o(i.Uart_play) refers to uart.o(i.UART_InChar) for UART_InChar
    operations.o(i.Uart_play) refers to uart.o(i.UART_OutChar) for UART_OutChar
    operations.o(i.Uart_play) refers to xo.o(.data) for uart
    operations.o(i.check) refers to screens.o(i.Choise) for Choise
    operations.o(i.check) refers to operations.o(i.clear_switches) for clear_switches
    operations.o(i.check) refers to operations.o(i.init) for init
    operations.o(i.check) refers to timers.o(i.enable_timer) for enable_timer
    operations.o(i.check) refers to screens.o(i.turnX) for turnX
    operations.o(i.check) refers to nokia5110.o(i.Nokia5110_Clear) for Nokia5110_Clear
    operations.o(i.check) refers to xo.o(.data) for SW1
    operations.o(i.checkWinner) refers to xo.o(.bss) for arr
    operations.o(i.clear_switches) refers to xo.o(.data) for SW1
    operations.o(i.init) refers to xo.o(.bss) for arr
    operations.o(i.init) refers to xo.o(.data) for row
    operations.o(i.move) refers to xo.o(.data) for row
    operations.o(i.move) refers to xo.o(.bss) for arr
    operations.o(i.select_turn) refers to screens.o(i.turnO) for turnO
    operations.o(i.select_turn) refers to screens.o(i.turnX) for turnX
    operations.o(i.select_turn) refers to xo.o(.data) for turn
    operations.o(i.update) refers to leds.o(i.error) for error
    operations.o(i.update) refers to operations.o(i.checkWinner) for checkWinner
    operations.o(i.update) refers to screens.o(i.startGame) for startGame
    operations.o(i.update) refers to timers.o(i.disable_timer) for disable_timer
    operations.o(i.update) refers to timers.o(i.Delay100ms) for Delay100ms
    operations.o(i.update) refers to screens.o(i.winner_x) for winner_x
    operations.o(i.update) refers to uart.o(i.UART_OutString) for UART_OutString
    operations.o(i.update) refers to screens.o(i.winner_o) for winner_o
    operations.o(i.update) refers to screens.o(i.draw) for draw
    operations.o(i.update) refers to xo.o(.data) for row
    operations.o(i.update) refers to xo.o(.bss) for arr
    operations.o(i.xo_play) refers to operations.o(i.clear_switches) for clear_switches
    operations.o(i.xo_play) refers to operations.o(i.move) for move
    operations.o(i.xo_play) refers to operations.o(i.select_turn) for select_turn
    operations.o(i.xo_play) refers to timers.o(i.reset_timer) for reset_timer
    operations.o(i.xo_play) refers to operations.o(i.update) for update
    operations.o(i.xo_play) refers to timers.o(i.Delay100ms) for Delay100ms
    operations.o(i.xo_play) refers to screens.o(i.play_again) for play_again
    operations.o(i.xo_play) refers to xo.o(.data) for SW2
    ports.o(i.GPIOPortB_Handler) refers to timers.o(i.Delay100ms) for Delay100ms
    ports.o(i.GPIOPortB_Handler) refers to xo.o(.data) for SW1
    ports.o(i.PORT_init) refers to ports.o(.data) for delay
    ports.o(i.PORT_init) refers to startup.o(.text) for EnableInterrupts
    screens.o(i.Choise) refers to nokia5110.o(i.Nokia5110_PrintBMP) for Nokia5110_PrintBMP
    screens.o(i.Choise) refers to nokia5110.o(i.Nokia5110_DisplayBuffer) for Nokia5110_DisplayBuffer
    screens.o(i.Choise) refers to screens.o(.constdata) for uart_sws
    screens.o(i.draw) refers to leds.o(i.setLED_D) for setLED_D
    screens.o(i.draw) refers to nokia5110.o(i.Nokia5110_PrintBMP) for Nokia5110_PrintBMP
    screens.o(i.draw) refers to nokia5110.o(i.Nokia5110_DisplayBuffer) for Nokia5110_DisplayBuffer
    screens.o(i.draw) refers to screens.o(.constdata) for Draw
    screens.o(i.play_again) refers to leds.o(i.setLED_D) for setLED_D
    screens.o(i.play_again) refers to nokia5110.o(i.Nokia5110_ClearBuffer) for Nokia5110_ClearBuffer
    screens.o(i.play_again) refers to nokia5110.o(i.Nokia5110_PrintBMP) for Nokia5110_PrintBMP
    screens.o(i.play_again) refers to nokia5110.o(i.Nokia5110_DisplayBuffer) for Nokia5110_DisplayBuffer
    screens.o(i.play_again) refers to screens.o(.constdata) for playAgain
    screens.o(i.play_on_timer) refers to nokia5110.o(i.Nokia5110_PrintBMP) for Nokia5110_PrintBMP
    screens.o(i.play_on_timer) refers to nokia5110.o(i.Nokia5110_DisplayBuffer) for Nokia5110_DisplayBuffer
    screens.o(i.play_on_timer) refers to screens.o(.constdata) for play
    screens.o(i.printTime) refers to nokia5110.o(i.Nokia5110_PrintBMP) for Nokia5110_PrintBMP
    screens.o(i.printTime) refers to nokia5110.o(i.Nokia5110_DisplayBuffer) for Nokia5110_DisplayBuffer
    screens.o(i.printTime) refers to xo.o(.data) for time
    screens.o(i.printTime) refers to screens.o(.constdata) for t1
    screens.o(i.splashScreen) refers to nokia5110.o(i.Nokia5110_PrintBMP) for Nokia5110_PrintBMP
    screens.o(i.splashScreen) refers to nokia5110.o(i.Nokia5110_DisplayBuffer) for Nokia5110_DisplayBuffer
    screens.o(i.splashScreen) refers to screens.o(.constdata) for xo
    screens.o(i.startGame) refers to nokia5110.o(i.Nokia5110_ClearBuffer) for Nokia5110_ClearBuffer
    screens.o(i.startGame) refers to nokia5110.o(i.Nokia5110_PrintBMP) for Nokia5110_PrintBMP
    screens.o(i.startGame) refers to nokia5110.o(i.Nokia5110_DisplayBuffer) for Nokia5110_DisplayBuffer
    screens.o(i.startGame) refers to xo.o(.bss) for arr
    screens.o(i.startGame) refers to screens.o(.data) for square
    screens.o(i.turnO) refers to screens.o(i.startGame) for startGame
    screens.o(i.turnO) refers to leds.o(i.setLED_O) for setLED_O
    screens.o(i.turnO) refers to nokia5110.o(i.Nokia5110_PrintBMP) for Nokia5110_PrintBMP
    screens.o(i.turnO) refers to nokia5110.o(i.Nokia5110_DisplayBuffer) for Nokia5110_DisplayBuffer
    screens.o(i.turnO) refers to screens.o(i.printTime) for printTime
    screens.o(i.turnO) refers to screens.o(.constdata) for turnxbox
    screens.o(i.turnX) refers to screens.o(i.startGame) for startGame
    screens.o(i.turnX) refers to leds.o(i.setLED_X) for setLED_X
    screens.o(i.turnX) refers to nokia5110.o(i.Nokia5110_PrintBMP) for Nokia5110_PrintBMP
    screens.o(i.turnX) refers to nokia5110.o(i.Nokia5110_DisplayBuffer) for Nokia5110_DisplayBuffer
    screens.o(i.turnX) refers to screens.o(i.printTime) for printTime
    screens.o(i.turnX) refers to screens.o(.constdata) for turnxbox
    screens.o(i.winner_o) refers to leds.o(i.setLED_O) for setLED_O
    screens.o(i.winner_o) refers to nokia5110.o(i.Nokia5110_PrintBMP) for Nokia5110_PrintBMP
    screens.o(i.winner_o) refers to nokia5110.o(i.Nokia5110_DisplayBuffer) for Nokia5110_DisplayBuffer
    screens.o(i.winner_o) refers to screens.o(.constdata) for Winner_o
    screens.o(i.winner_x) refers to leds.o(i.setLED_X) for setLED_X
    screens.o(i.winner_x) refers to nokia5110.o(i.Nokia5110_PrintBMP) for Nokia5110_PrintBMP
    screens.o(i.winner_x) refers to nokia5110.o(i.Nokia5110_DisplayBuffer) for Nokia5110_DisplayBuffer
    screens.o(i.winner_x) refers to screens.o(.constdata) for Winner_x
    texas.o(i.SetCode) refers to texas.o(.bss) for TExaS
    texas.o(i.SetCourse) refers to texas.o(.bss) for TExaS
    texas.o(i.SetMode) refers to texas.o(.bss) for TExaS
    texas.o(i.StartTimer4) refers to texas.o(.data) for ScopeCount
    texas.o(i.TExaS_Init) refers to texas.o(i.PLL_Init) for PLL_Init
    texas.o(i.TExaS_Init) refers to texas.o(i.SetCourse) for SetCourse
    texas.o(i.TExaS_Init) refers to texas.o(i.UART0_Init) for UART0_Init
    texas.o(i.TExaS_Init) refers to texas.o(i.SetCode) for SetCode
    texas.o(i.TExaS_Init) refers to texas.o(i.ADC1_Init) for ADC1_Init
    texas.o(i.TExaS_Init) refers to texas.o(.constdata) for IntroMsg
    texas.o(i.TExaS_Init) refers to texas.o(.bss) for TExaS
    texas.o(i.TExaS_Init) refers to texas.o(.data) for LastMode
    texas.o(i.Timer5A_Handler) refers to texas.o(i.ADC1_In) for ADC1_In
    texas.o(i.Timer5A_Handler) refers to texas.o(.data) for TExaS_Period
    timers.o(i.Timer2A_Handler) refers to operations.o(i.select_turn) for select_turn
    timers.o(i.Timer2A_Handler) refers to xo.o(.data) for time
    timers.o(i.Timer2A_Handler) refers to timers.o(.data) for flag
    xo.o(i.main) refers to ports.o(i.PORT_init) for PORT_init
    xo.o(i.main) refers to uart.o(i.UART_Init) for UART_Init
    xo.o(i.main) refers to startup.o(.text) for EnableInterrupts
    xo.o(i.main) refers to texas.o(i.TExaS_Init) for TExaS_Init
    xo.o(i.main) refers to nokia5110.o(i.Nokia5110_Init) for Nokia5110_Init
    xo.o(i.main) refers to screens.o(i.splashScreen) for splashScreen
    xo.o(i.main) refers to timers.o(i.Delay100ms) for Delay100ms
    xo.o(i.main) refers to screens.o(i.Choise) for Choise
    xo.o(i.main) refers to operations.o(i.clear_switches) for clear_switches
    xo.o(i.main) refers to timers.o(i.TIMER_Init) for TIMER_Init
    xo.o(i.main) refers to operations.o(i.init) for init
    xo.o(i.main) refers to screens.o(i.turnX) for turnX
    xo.o(i.main) refers to operations.o(i.Uart_play) for Uart_play
    xo.o(i.main) refers to operations.o(i.check) for check
    xo.o(i.main) refers to operations.o(i.xo_play) for xo_play
    xo.o(i.main) refers to ports_cfg.o(.data) for portCfg
    xo.o(i.main) refers to xo.o(.data) for SW1
    xo.o(i.main) refers to timer_cfg.o(.data) for TimerCfg
    uart.o(i.UART_ConvertDistance) refers to strcpy.o(.text) for strcpy
    uart.o(i.UART_ConvertDistance) refers to uart.o(i.parseDigit) for parseDigit
    uart.o(i.UART_ConvertDistance) refers to strcat.o(.text) for strcat
    uart.o(i.UART_ConvertDistance) refers to uart.o(.bss) for String
    uart.o(i.UART_ConvertUDec) refers to strcpy.o(.text) for strcpy
    uart.o(i.UART_ConvertUDec) refers to uart.o(i.parseDigit) for parseDigit
    uart.o(i.UART_ConvertUDec) refers to uart.o(.bss) for String
    uart.o(i.UART_InChar) refers to xo.o(.data) for time
    uart.o(i.UART_InUDec) refers to uart.o(i.UART_InChar) for UART_InChar
    uart.o(i.UART_InUDec) refers to uart.o(i.UART_OutChar) for UART_OutChar
    uart.o(i.UART_OutDistance) refers to uart.o(i.UART_ConvertDistance) for UART_ConvertDistance
    uart.o(i.UART_OutDistance) refers to uart.o(i.UART_OutString) for UART_OutString
    uart.o(i.UART_OutDistance) refers to uart.o(.bss) for String
    uart.o(i.UART_OutString) refers to uart.o(i.UART_OutChar) for UART_OutChar
    uart.o(i.UART_OutUDec) refers to uart.o(i.UART_ConvertUDec) for UART_ConvertUDec
    uart.o(i.UART_OutUDec) refers to uart.o(i.UART_OutString) for UART_OutString
    uart.o(i.UART_OutUDec) refers to uart.o(.bss) for String
    __main.o(!!!main) refers to rtentry.o(.ARM.Collect$$rtentry$$00000000) for __rt_entry
    rtentry.o(.ARM.Collect$$rtentry$$00000000) refers (Special) to rtentry2.o(.ARM.Collect$$rtentry$$0000000A) for __rt_entry_li
    rtentry.o(.ARM.Collect$$rtentry$$00000000) refers (Special) to rtentry2.o(.ARM.Collect$$rtentry$$0000000D) for __rt_entry_main
    rtentry.o(.ARM.Collect$$rtentry$$00000000) refers (Special) to rtentry2.o(.ARM.Collect$$rtentry$$0000000C) for __rt_entry_postli_1
    rtentry.o(.ARM.Collect$$rtentry$$00000000) refers (Special) to rtentry2.o(.ARM.Collect$$rtentry$$00000009) for __rt_entry_postsh_1
    rtentry.o(.ARM.Collect$$rtentry$$00000000) refers (Special) to rtentry2.o(.ARM.Collect$$rtentry$$00000002) for __rt_entry_presh_1
    rtentry.o(.ARM.Collect$$rtentry$$00000000) refers (Special) to rtentry4.o(.ARM.Collect$$rtentry$$00000004) for __rt_entry_sh
    rtentry2.o(.ARM.Collect$$rtentry$$00000008) refers to boardinit2.o(.text) for _platform_post_stackheap_init
    rtentry2.o(.ARM.Collect$$rtentry$$0000000A) refers to libinit.o(.ARM.Collect$$libinit$$00000000) for __rt_lib_init
    rtentry2.o(.ARM.Collect$$rtentry$$0000000B) refers to boardinit3.o(.text) for _platform_post_lib_init
    rtentry2.o(.ARM.Collect$$rtentry$$0000000D) refers to xo.o(i.main) for main
    rtentry2.o(.ARM.Collect$$rtentry$$0000000D) refers to exit.o(.text) for exit
    rtentry2.o(.ARM.exidx) refers to rtentry2.o(.ARM.Collect$$rtentry$$00000001) for .ARM.Collect$$rtentry$$00000001
    rtentry2.o(.ARM.exidx) refers to rtentry2.o(.ARM.Collect$$rtentry$$00000008) for .ARM.Collect$$rtentry$$00000008
    rtentry2.o(.ARM.exidx) refers to rtentry2.o(.ARM.Collect$$rtentry$$0000000A) for .ARM.Collect$$rtentry$$0000000A
    rtentry2.o(.ARM.exidx) refers to rtentry2.o(.ARM.Collect$$rtentry$$0000000B) for .ARM.Collect$$rtentry$$0000000B
    rtentry2.o(.ARM.exidx) refers to rtentry2.o(.ARM.Collect$$rtentry$$0000000D) for .ARM.Collect$$rtentry$$0000000D
    rtentry4.o(.ARM.Collect$$rtentry$$00000004) refers to sys_stackheap_outer.o(.text) for __user_setup_stackheap
    rtentry4.o(.ARM.exidx) refers to rtentry4.o(.ARM.Collect$$rtentry$$00000004) for .ARM.Collect$$rtentry$$00000004
    sys_stackheap_outer.o(.text) refers to libspace.o(.text) for __user_perproc_libspace
    sys_stackheap_outer.o(.text) refers to startup.o(.text) for __user_initial_stackheap
    exit.o(.text) refers to rtexit.o(.ARM.Collect$$rtexit$$00000000) for __rt_exit
    libinit.o(.ARM.Collect$$libinit$$00000000) refers (Special) to libinit2.o(.ARM.Collect$$libinit$$0000002C) for __rt_lib_init_alloca_1
    libinit.o(.ARM.Collect$$libinit$$00000000) refers (Special) to libinit2.o(.ARM.Collect$$libinit$$0000002A) for __rt_lib_init_argv_1
    libinit.o(.ARM.Collect$$libinit$$00000000) refers (Special) to libinit2.o(.ARM.Collect$$libinit$$00000019) for __rt_lib_init_atexit_1
    libinit.o(.ARM.Collect$$libinit$$00000000) refers (Special) to libinit2.o(.ARM.Collect$$libinit$$0000001F) for __rt_lib_init_clock_1
    libinit.o(.ARM.Collect$$libinit$$00000000) refers (Special) to libinit2.o(.ARM.Collect$$libinit$$00000030) for __rt_lib_init_cpp_1
    libinit.o(.ARM.Collect$$libinit$$00000000) refers (Special) to libinit2.o(.ARM.Collect$$libinit$$0000002E) for __rt_lib_init_exceptions_1
    libinit.o(.ARM.Collect$$libinit$$00000000) refers (Special) to libinit2.o(.ARM.Collect$$libinit$$00000002) for __rt_lib_init_fp_1
    libinit.o(.ARM.Collect$$libinit$$00000000) refers (Special) to libinit2.o(.ARM.Collect$$libinit$$0000001D) for __rt_lib_init_fp_trap_1
    libinit.o(.ARM.Collect$$libinit$$00000000) refers (Special) to libinit2.o(.ARM.Collect$$libinit$$00000021) for __rt_lib_init_getenv_1
    libinit.o(.ARM.Collect$$libinit$$00000000) refers (Special) to libinit2.o(.ARM.Collect$$libinit$$00000008) for __rt_lib_init_heap_1
    libinit.o(.ARM.Collect$$libinit$$00000000) refers (Special) to libinit2.o(.ARM.Collect$$libinit$$0000000F) for __rt_lib_init_lc_collate_1
    libinit.o(.ARM.Collect$$libinit$$00000000) refers (Special) to libinit2.o(.ARM.Collect$$libinit$$00000011) for __rt_lib_init_lc_ctype_1
    libinit.o(.ARM.Collect$$libinit$$00000000) refers (Special) to libinit2.o(.ARM.Collect$$libinit$$00000013) for __rt_lib_init_lc_monetary_1
    libinit.o(.ARM.Collect$$libinit$$00000000) refers (Special) to libinit2.o(.ARM.Collect$$libinit$$00000015) for __rt_lib_init_lc_numeric_1
    libinit.o(.ARM.Collect$$libinit$$00000000) refers (Special) to libinit2.o(.ARM.Collect$$libinit$$00000017) for __rt_lib_init_lc_time_1
    libinit.o(.ARM.Collect$$libinit$$00000000) refers (Special) to libinit2.o(.ARM.Collect$$libinit$$0000000C) for __rt_lib_init_rand_1
    libinit.o(.ARM.Collect$$libinit$$00000000) refers (Special) to libinit2.o(.ARM.Collect$$libinit$$00000031) for __rt_lib_init_return
    libinit.o(.ARM.Collect$$libinit$$00000000) refers (Special) to libinit2.o(.ARM.Collect$$libinit$$0000001B) for __rt_lib_init_signal_1
    libinit.o(.ARM.Collect$$libinit$$00000000) refers (Special) to libinit2.o(.ARM.Collect$$libinit$$00000023) for __rt_lib_init_stdio_1
    libinit.o(.ARM.Collect$$libinit$$00000000) refers (Special) to libinit2.o(.ARM.Collect$$libinit$$0000000A) for __rt_lib_init_user_alloc_1
    libspace.o(.text) refers to libspace.o(.bss) for __libspace_start
    rtexit.o(.ARM.Collect$$rtexit$$00000000) refers (Special) to rtexit2.o(.ARM.Collect$$rtexit$$00000004) for __rt_exit_exit
    rtexit.o(.ARM.Collect$$rtexit$$00000000) refers (Special) to rtexit2.o(.ARM.Collect$$rtexit$$00000003) for __rt_exit_ls
    rtexit.o(.ARM.Collect$$rtexit$$00000000) refers (Special) to rtexit2.o(.ARM.Collect$$rtexit$$00000002) for __rt_exit_prels_1
    rtexit.o(.ARM.exidx) refers (Special) to rtexit2.o(.ARM.Collect$$rtexit$$00000004) for __rt_exit_exit
    rtexit.o(.ARM.exidx) refers (Special) to rtexit2.o(.ARM.Collect$$rtexit$$00000003) for __rt_exit_ls
    rtexit.o(.ARM.exidx) refers (Special) to rtexit2.o(.ARM.Collect$$rtexit$$00000002) for __rt_exit_prels_1
    rtexit.o(.ARM.exidx) refers to rtexit.o(.ARM.Collect$$rtexit$$00000000) for .ARM.Collect$$rtexit$$00000000
    libinit2.o(.ARM.Collect$$libinit$$0000000E) refers to libinit2.o(.ARM.Collect$$libinit$$0000000D) for .ARM.Collect$$libinit$$0000000D
    libinit2.o(.ARM.Collect$$libinit$$00000010) refers to libinit2.o(.ARM.Collect$$libinit$$0000000D) for .ARM.Collect$$libinit$$0000000D
    libinit2.o(.ARM.Collect$$libinit$$00000012) refers to libinit2.o(.ARM.Collect$$libinit$$0000000D) for .ARM.Collect$$libinit$$0000000D
    libinit2.o(.ARM.Collect$$libinit$$00000014) refers to libinit2.o(.ARM.Collect$$libinit$$0000000D) for .ARM.Collect$$libinit$$0000000D
    libinit2.o(.ARM.Collect$$libinit$$00000016) refers to libinit2.o(.ARM.Collect$$libinit$$0000000D) for .ARM.Collect$$libinit$$0000000D
    libinit2.o(.ARM.Collect$$libinit$$00000024) refers to argv_veneer.o(.emb_text) for __ARM_argv_veneer
    libinit2.o(.ARM.Collect$$libinit$$00000025) refers to argv_veneer.o(.emb_text) for __ARM_argv_veneer
    rtexit2.o(.ARM.Collect$$rtexit$$00000003) refers to libshutdown.o(.ARM.Collect$$libshutdown$$00000000) for __rt_lib_shutdown
    rtexit2.o(.ARM.Collect$$rtexit$$00000004) refers to sys_exit.o(.text) for _sys_exit
    rtexit2.o(.ARM.exidx) refers to rtexit2.o(.ARM.Collect$$rtexit$$00000001) for .ARM.Collect$$rtexit$$00000001
    rtexit2.o(.ARM.exidx) refers to rtexit2.o(.ARM.Collect$$rtexit$$00000003) for .ARM.Collect$$rtexit$$00000003
    rtexit2.o(.ARM.exidx) refers to rtexit2.o(.ARM.Collect$$rtexit$$00000004) for .ARM.Collect$$rtexit$$00000004
    argv_veneer.o(.emb_text) refers to no_argv.o(.text) for __ARM_get_argv
    sys_exit.o(.text) refers (Special) to use_no_semi.o(.text) for __I$use$semihosting
    sys_exit.o(.text) refers (Special) to indicate_semi.o(.text) for __semihosting_library_function
    _get_argv_nomalloc.o(.text) refers (Special) to hrguard.o(.text) for __heap_region$guard
    _get_argv_nomalloc.o(.text) refers to defsig_rtmem_outer.o(.text) for __rt_SIGRTMEM
    _get_argv_nomalloc.o(.text) refers to sys_command.o(.text) for _sys_command_string
    libshutdown.o(.ARM.Collect$$libshutdown$$00000000) refers (Special) to libshutdown2.o(.ARM.Collect$$libshutdown$$00000006) for __rt_lib_shutdown_fp_trap_1
    libshutdown.o(.ARM.Collect$$libshutdown$$00000000) refers (Special) to libshutdown2.o(.ARM.Collect$$libshutdown$$0000000E) for __rt_lib_shutdown_heap_1
    libshutdown.o(.ARM.Collect$$libshutdown$$00000000) refers (Special) to libshutdown2.o(.ARM.Collect$$libshutdown$$0000000F) for __rt_lib_shutdown_return
    libshutdown.o(.ARM.Collect$$libshutdown$$00000000) refers (Special) to libshutdown2.o(.ARM.Collect$$libshutdown$$00000009) for __rt_lib_shutdown_signal_1
    libshutdown.o(.ARM.Collect$$libshutdown$$00000000) refers (Special) to libshutdown2.o(.ARM.Collect$$libshutdown$$00000003) for __rt_lib_shutdown_stdio_1
    libshutdown.o(.ARM.Collect$$libshutdown$$00000000) refers (Special) to libshutdown2.o(.ARM.Collect$$libshutdown$$0000000B) for __rt_lib_shutdown_user_alloc_1
    sys_command.o(.text) refers (Special) to use_no_semi.o(.text) for __I$use$semihosting
    sys_command.o(.text) refers (Special) to indicate_semi.o(.text) for __semihosting_library_function
    defsig_rtmem_outer.o(.text) refers to defsig_rtmem_inner.o(.text) for __rt_SIGRTMEM_inner
    defsig_rtmem_outer.o(.text) refers to defsig_exit.o(.text) for __sig_exit
    defsig_rtmem_formal.o(.text) refers to rt_raise.o(.text) for __rt_raise
    rt_raise.o(.text) refers to __raise.o(.text) for __raise
    rt_raise.o(.text) refers to sys_exit.o(.text) for _sys_exit
    defsig_exit.o(.text) refers to sys_exit.o(.text) for _sys_exit
    defsig_rtmem_inner.o(.text) refers to defsig_general.o(.text) for __default_signal_display
    __raise.o(.text) refers to defsig.o(CL$$defsig) for __default_signal_handler
    defsig_general.o(.text) refers to sys_wrch.o(.text) for _ttywrch
    sys_wrch.o(.text) refers (Special) to use_no_semi.o(.text) for __I$use$semihosting
    sys_wrch.o(.text) refers (Special) to indicate_semi.o(.text) for __semihosting_library_function
    defsig.o(CL$$defsig) refers to defsig_rtmem_inner.o(.text) for __rt_SIGRTMEM_inner
    defsig_abrt_inner.o(.text) refers to defsig_general.o(.text) for __default_signal_display
    defsig_fpe_inner.o(.text) refers to defsig_general.o(.text) for __default_signal_display
    defsig_rtred_inner.o(.text) refers to defsig_general.o(.text) for __default_signal_display
    defsig_stak_inner.o(.text) refers to defsig_general.o(.text) for __default_signal_display
    defsig_pvfn_inner.o(.text) refers to defsig_general.o(.text) for __default_signal_display
    defsig_cppl_inner.o(.text) refers to defsig_general.o(.text) for __default_signal_display
    defsig_segv_inner.o(.text) refers to defsig_general.o(.text) for __default_signal_display
    defsig_other.o(.text) refers to defsig_general.o(.text) for __default_signal_display


==============================================================================

Removing Unused input sections from the image.

    Removing leds.o(i.clearLEDS), (52 bytes).
    Removing leds.o(.constdata), (480 bytes).
    Removing nokia5110.o(i.Nokia5110_OutChar), (56 bytes).
    Removing nokia5110.o(i.Nokia5110_OutString), (22 bytes).
    Removing nokia5110.o(i.Nokia5110_OutUDec), (412 bytes).
    Removing nokia5110.o(.constdata), (480 bytes).
    Removing operations.o(.constdata), (480 bytes).
    Removing texas.o(i.SetMode), (24 bytes).
    Removing texas.o(i.StartTimer4), (36 bytes).
    Removing texas.o(i.StopTimer4), (24 bytes).
    Removing texas.o(i.TExaS_Stop), (28 bytes).
    Removing texas.o(i.UART0_InChar), (24 bytes).
    Removing texas.o(i.UART0_InCharNonBlocking), (28 bytes).
    Removing texas.o(i.UART0_OutChar), (24 bytes).
    Removing texas.o(i.UART0_OutCharNonBlock), (12 bytes).
    Removing texas.o(i.copy), (18 bytes).
    Removing timers.o(.constdata), (480 bytes).
    Removing xo.o(.constdata), (480 bytes).
    Removing uart.o(i.UART_ConvertDistance), (112 bytes).
    Removing uart.o(i.UART_ConvertUDec), (104 bytes).
    Removing uart.o(i.UART_InCharNonBlocking), (28 bytes).
    Removing uart.o(i.UART_InUDec), (76 bytes).
    Removing uart.o(i.UART_OutDistance), (24 bytes).
    Removing uart.o(i.UART_OutUDec), (24 bytes).
    Removing uart.o(i.parseDigit), (68 bytes).
    Removing uart.o(.bss), (10 bytes).

26 unused section(s) (total 3606 bytes) removed from the image.

==============================================================================

Image Symbol Table

    Local Symbols

    Symbol Name                              Value     Ov Type        Size  Object(Section)

    RESET                                    0x00000000   Section      644  startup.o(RESET)
    ../clib/angel/boardlib.s                 0x00000000   Number         0  boardshut.o ABSOLUTE
    ../clib/angel/boardlib.s                 0x00000000   Number         0  boardinit1.o ABSOLUTE
    ../clib/angel/boardlib.s                 0x00000000   Number         0  boardinit2.o ABSOLUTE
    ../clib/angel/boardlib.s                 0x00000000   Number         0  boardinit3.o ABSOLUTE
    ../clib/angel/dczerorl2.s                0x00000000   Number         0  __dczerorl2.o ABSOLUTE
    ../clib/angel/handlers.s                 0x00000000   Number         0  __scatter_zi.o ABSOLUTE
    ../clib/angel/kernel.s                   0x00000000   Number         0  rtexit.o ABSOLUTE
    ../clib/angel/kernel.s                   0x00000000   Number         0  rtentry2.o ABSOLUTE
    ../clib/angel/kernel.s                   0x00000000   Number         0  rtexit2.o ABSOLUTE
    ../clib/angel/kernel.s                   0x00000000   Number         0  rtentry4.o ABSOLUTE
    ../clib/angel/kernel.s                   0x00000000   Number         0  rtentry.o ABSOLUTE
    ../clib/angel/rt.s                       0x00000000   Number         0  rt_raise.o ABSOLUTE
    ../clib/angel/scatter.s                  0x00000000   Number         0  __scatter.o ABSOLUTE
    ../clib/angel/startup.s                  0x00000000   Number         0  __main.o ABSOLUTE
    ../clib/angel/sys.s                      0x00000000   Number         0  libspace.o ABSOLUTE
    ../clib/angel/sys.s                      0x00000000   Number         0  sys_stackheap_outer.o ABSOLUTE
    ../clib/angel/sys.s                      0x00000000   Number         0  indicate_semi.o ABSOLUTE
    ../clib/angel/sys.s                      0x00000000   Number         0  use_no_semi.o ABSOLUTE
    ../clib/angel/sysapp.c                   0x00000000   Number         0  sys_command.o ABSOLUTE
    ../clib/angel/sysapp.c                   0x00000000   Number         0  sys_wrch.o ABSOLUTE
    ../clib/angel/sysapp.c                   0x00000000   Number         0  sys_exit.o ABSOLUTE
    ../clib/armsys.c                         0x00000000   Number         0  no_argv.o ABSOLUTE
    ../clib/armsys.c                         0x00000000   Number         0  _get_argv_nomalloc.o ABSOLUTE
    ../clib/armsys.c                         0x00000000   Number         0  argv_veneer.o ABSOLUTE
    ../clib/armsys.c                         0x00000000   Number         0  argv_veneer.o ABSOLUTE
    ../clib/heapalloc.c                      0x00000000   Number         0  hrguard.o ABSOLUTE
    ../clib/heapaux.c                        0x00000000   Number         0  heapauxi.o ABSOLUTE
    ../clib/libinit.s                        0x00000000   Number         0  libshutdown2.o ABSOLUTE
    ../clib/libinit.s                        0x00000000   Number         0  libinit2.o ABSOLUTE
    ../clib/libinit.s                        0x00000000   Number         0  libinit.o ABSOLUTE
    ../clib/libinit.s                        0x00000000   Number         0  libshutdown.o ABSOLUTE
    ../clib/signal.c                         0x00000000   Number         0  defsig_exit.o ABSOLUTE
    ../clib/signal.c                         0x00000000   Number         0  defsig_stak_inner.o ABSOLUTE
    ../clib/signal.c                         0x00000000   Number         0  defsig_rtred_inner.o ABSOLUTE
    ../clib/signal.c                         0x00000000   Number         0  defsig_fpe_inner.o ABSOLUTE
    ../clib/signal.c                         0x00000000   Number         0  defsig_abrt_inner.o ABSOLUTE
    ../clib/signal.c                         0x00000000   Number         0  defsig_general.o ABSOLUTE
    ../clib/signal.c                         0x00000000   Number         0  __raise.o ABSOLUTE
    ../clib/signal.c                         0x00000000   Number         0  defsig_rtmem_inner.o ABSOLUTE
    ../clib/signal.c                         0x00000000   Number         0  defsig_other.o ABSOLUTE
    ../clib/signal.c                         0x00000000   Number         0  defsig_segv_inner.o ABSOLUTE
    ../clib/signal.c                         0x00000000   Number         0  defsig_cppl_inner.o ABSOLUTE
    ../clib/signal.c                         0x00000000   Number         0  defsig_rtmem_formal.o ABSOLUTE
    ../clib/signal.c                         0x00000000   Number         0  defsig_rtmem_outer.o ABSOLUTE
    ../clib/signal.c                         0x00000000   Number         0  defsig_pvfn_inner.o ABSOLUTE
    ../clib/signal.s                         0x00000000   Number         0  defsig.o ABSOLUTE
    ../clib/stdlib.c                         0x00000000   Number         0  exit.o ABSOLUTE
    ../clib/string.c                         0x00000000   Number         0  strcat.o ABSOLUTE
    ../clib/string.c                         0x00000000   Number         0  strcpy.o ABSOLUTE
    ../fplib/fpinit.s                        0x00000000   Number         0  fpinit.o ABSOLUTE
    dc.s                                     0x00000000   Number         0  dc.o ABSOLUTE
    headers\ports_cfg.c                      0x00000000   Number         0  ports_cfg.o ABSOLUTE
    src\Nokia5110.c                          0x00000000   Number         0  nokia5110.o ABSOLUTE
    src\TExaS.c                              0x00000000   Number         0  texas.o ABSOLUTE
    src\UART.c                               0x00000000   Number         0  uart.o ABSOLUTE
    src\leds.c                               0x00000000   Number         0  leds.o ABSOLUTE
    src\operations.c                         0x00000000   Number         0  operations.o ABSOLUTE
    src\ports.c                              0x00000000   Number         0  ports.o ABSOLUTE
    src\screens.c                            0x00000000   Number         0  screens.o ABSOLUTE
    src\startup.s                            0x00000000   Number         0  startup.o ABSOLUTE
    src\timer_cfg.c                          0x00000000   Number         0  timer_cfg.o ABSOLUTE
    src\timers.c                             0x00000000   Number         0  timers.o ABSOLUTE
    xo.c                                     0x00000000   Number         0  xo.o ABSOLUTE
    !!!main                                  0x00000284   Section        8  __main.o(!!!main)
    !!!scatter                               0x0000028c   Section       52  __scatter.o(!!!scatter)
    !!dczerorl2                              0x000002c0   Section       90  __dczerorl2.o(!!dczerorl2)
    !!handler_zi                             0x0000031c   Section       28  __scatter_zi.o(!!handler_zi)
    .ARM.Collect$$libinit$$00000000          0x00000338   Section        2  libinit.o(.ARM.Collect$$libinit$$00000000)
    .ARM.Collect$$libinit$$00000002          0x0000033a   Section        0  libinit2.o(.ARM.Collect$$libinit$$00000002)
    .ARM.Collect$$libinit$$00000008          0x0000033a   Section        0  libinit2.o(.ARM.Collect$$libinit$$00000008)
    .ARM.Collect$$libinit$$0000000A          0x0000033a   Section        0  libinit2.o(.ARM.Collect$$libinit$$0000000A)
    .ARM.Collect$$libinit$$0000000C          0x0000033a   Section        0  libinit2.o(.ARM.Collect$$libinit$$0000000C)
    .ARM.Collect$$libinit$$0000000F          0x0000033a   Section        0  libinit2.o(.ARM.Collect$$libinit$$0000000F)
    .ARM.Collect$$libinit$$00000011          0x0000033a   Section        0  libinit2.o(.ARM.Collect$$libinit$$00000011)
    .ARM.Collect$$libinit$$00000013          0x0000033a   Section        0  libinit2.o(.ARM.Collect$$libinit$$00000013)
    .ARM.Collect$$libinit$$00000015          0x0000033a   Section        0  libinit2.o(.ARM.Collect$$libinit$$00000015)
    .ARM.Collect$$libinit$$00000017          0x0000033a   Section        0  libinit2.o(.ARM.Collect$$libinit$$00000017)
    .ARM.Collect$$libinit$$00000019          0x0000033a   Section        0  libinit2.o(.ARM.Collect$$libinit$$00000019)
    .ARM.Collect$$libinit$$0000001B          0x0000033a   Section        0  libinit2.o(.ARM.Collect$$libinit$$0000001B)
    .ARM.Collect$$libinit$$0000001D          0x0000033a   Section        0  libinit2.o(.ARM.Collect$$libinit$$0000001D)
    .ARM.Collect$$libinit$$0000001F          0x0000033a   Section        0  libinit2.o(.ARM.Collect$$libinit$$0000001F)
    .ARM.Collect$$libinit$$00000021          0x0000033a   Section        0  libinit2.o(.ARM.Collect$$libinit$$00000021)
    .ARM.Collect$$libinit$$00000023          0x0000033a   Section        0  libinit2.o(.ARM.Collect$$libinit$$00000023)
    .ARM.Collect$$libinit$$0000002A          0x0000033a   Section        0  libinit2.o(.ARM.Collect$$libinit$$0000002A)
    .ARM.Collect$$libinit$$0000002C          0x0000033a   Section        0  libinit2.o(.ARM.Collect$$libinit$$0000002C)
    .ARM.Collect$$libinit$$0000002E          0x0000033a   Section        0  libinit2.o(.ARM.Collect$$libinit$$0000002E)
    .ARM.Collect$$libinit$$00000030          0x0000033a   Section        0  libinit2.o(.ARM.Collect$$libinit$$00000030)
    .ARM.Collect$$libinit$$00000031          0x0000033a   Section        2  libinit2.o(.ARM.Collect$$libinit$$00000031)
    .ARM.Collect$$libshutdown$$00000000      0x0000033c   Section        2  libshutdown.o(.ARM.Collect$$libshutdown$$00000000)
    .ARM.Collect$$libshutdown$$00000003      0x0000033e   Section        0  libshutdown2.o(.ARM.Collect$$libshutdown$$00000003)
    .ARM.Collect$$libshutdown$$00000006      0x0000033e   Section        0  libshutdown2.o(.ARM.Collect$$libshutdown$$00000006)
    .ARM.Collect$$libshutdown$$00000009      0x0000033e   Section        0  libshutdown2.o(.ARM.Collect$$libshutdown$$00000009)
    .ARM.Collect$$libshutdown$$0000000B      0x0000033e   Section        0  libshutdown2.o(.ARM.Collect$$libshutdown$$0000000B)
    .ARM.Collect$$libshutdown$$0000000E      0x0000033e   Section        0  libshutdown2.o(.ARM.Collect$$libshutdown$$0000000E)
    .ARM.Collect$$libshutdown$$0000000F      0x0000033e   Section        2  libshutdown2.o(.ARM.Collect$$libshutdown$$0000000F)
    .ARM.Collect$$rtentry$$00000000          0x00000340   Section        0  rtentry.o(.ARM.Collect$$rtentry$$00000000)
    .ARM.Collect$$rtentry$$00000002          0x00000340   Section        0  rtentry2.o(.ARM.Collect$$rtentry$$00000002)
    .ARM.Collect$$rtentry$$00000004          0x00000340   Section        6  rtentry4.o(.ARM.Collect$$rtentry$$00000004)
    .ARM.Collect$$rtentry$$00000009          0x00000346   Section        0  rtentry2.o(.ARM.Collect$$rtentry$$00000009)
    .ARM.Collect$$rtentry$$0000000A          0x00000346   Section        4  rtentry2.o(.ARM.Collect$$rtentry$$0000000A)
    .ARM.Collect$$rtentry$$0000000C          0x0000034a   Section        0  rtentry2.o(.ARM.Collect$$rtentry$$0000000C)
    .ARM.Collect$$rtentry$$0000000D          0x0000034a   Section        8  rtentry2.o(.ARM.Collect$$rtentry$$0000000D)
    .ARM.Collect$$rtexit$$00000000           0x00000352   Section        2  rtexit.o(.ARM.Collect$$rtexit$$00000000)
    .ARM.Collect$$rtexit$$00000002           0x00000354   Section        0  rtexit2.o(.ARM.Collect$$rtexit$$00000002)
    .ARM.Collect$$rtexit$$00000003           0x00000354   Section        4  rtexit2.o(.ARM.Collect$$rtexit$$00000003)
    .ARM.Collect$$rtexit$$00000004           0x00000358   Section        6  rtexit2.o(.ARM.Collect$$rtexit$$00000004)
    .text                                    0x00000360   Section       48  startup.o(.text)
    .text                                    0x00000390   Section        0  heapauxi.o(.text)
    .text                                    0x00000396   Section       74  sys_stackheap_outer.o(.text)
    .text                                    0x000003e0   Section        0  exit.o(.text)
    .text                                    0x000003ec   Section        8  libspace.o(.text)
    .text                                    0x000003f4   Section        0  sys_exit.o(.text)
    .text                                    0x00000400   Section        2  use_no_semi.o(.text)
    .text                                    0x00000402   Section        0  indicate_semi.o(.text)
    i.ADC1_In                                0x00000404   Section        0  texas.o(i.ADC1_In)
    i.ADC1_Init                              0x00000410   Section        0  texas.o(i.ADC1_Init)
    i.Choise                                 0x000004e4   Section        0  screens.o(i.Choise)
    i.Delay100ms                             0x000004fc   Section        0  timers.o(i.Delay100ms)
    i.GPIOPortB_Handler                      0x00000520   Section        0  ports.o(i.GPIOPortB_Handler)
    i.Nokia5110_Clear                        0x0000058c   Section        0  nokia5110.o(i.Nokia5110_Clear)
    i.Nokia5110_ClearBuffer                  0x000005ac   Section        0  nokia5110.o(i.Nokia5110_ClearBuffer)
    i.Nokia5110_DisplayBuffer                0x000005c4   Section        0  nokia5110.o(i.Nokia5110_DisplayBuffer)
    i.Nokia5110_DrawFullImage                0x000005d4   Section        0  nokia5110.o(i.Nokia5110_DrawFullImage)
    i.Nokia5110_Init                         0x000005f8   Section        0  nokia5110.o(i.Nokia5110_Init)
    i.Nokia5110_PrintBMP                     0x00000764   Section        0  nokia5110.o(i.Nokia5110_PrintBMP)
    i.Nokia5110_SetCursor                    0x0000090c   Section        0  nokia5110.o(i.Nokia5110_SetCursor)
    i.PLL_Init                               0x0000093c   Section        0  texas.o(i.PLL_Init)
    i.PORT_init                              0x000009b8   Section        0  ports.o(i.PORT_init)
    i.SetCode                                0x00001510   Section        0  texas.o(i.SetCode)
    i.SetCourse                              0x00001528   Section        0  texas.o(i.SetCourse)
    i.TExaS_Init                             0x00001540   Section        0  texas.o(i.TExaS_Init)
    i.TIMER_Init                             0x00001704   Section        0  timers.o(i.TIMER_Init)
    i.Timer2A_Handler                        0x000019a4   Section        0  timers.o(i.Timer2A_Handler)
    i.Timer4A_Handler                        0x000019ec   Section        0  texas.o(i.Timer4A_Handler)
    i.Timer5A_Handler                        0x00001a0c   Section        0  texas.o(i.Timer5A_Handler)
    i.UART0_Init                             0x00001a3c   Section        0  texas.o(i.UART0_Init)
    i.UART_InChar                            0x00001afc   Section        0  uart.o(i.UART_InChar)
    i.UART_Init                              0x00001b20   Section        0  uart.o(i.UART_Init)
    i.UART_OutChar                           0x00001bb8   Section        0  uart.o(i.UART_OutChar)
    i.UART_OutString                         0x00001bd0   Section        0  uart.o(i.UART_OutString)
    i.Uart_play                              0x00001be8   Section        0  operations.o(i.Uart_play)
    i.check                                  0x00001cd8   Section        0  operations.o(i.check)
    i.checkWinner                            0x00001d64   Section        0  operations.o(i.checkWinner)
    i.clearLED_D                             0x00001e84   Section        0  leds.o(i.clearLED_D)
    i.clear_switches                         0x00001e9c   Section        0  operations.o(i.clear_switches)
    i.disable_timer                          0x00001eb0   Section        0  timers.o(i.disable_timer)
    i.draw                                   0x00001f30   Section        0  screens.o(i.draw)
    i.enable_timer                           0x00001f4c   Section        0  timers.o(i.enable_timer)
    i.error                                  0x00001fa8   Section        0  leds.o(i.error)
    i.init                                   0x00001fe8   Section        0  operations.o(i.init)
    i.lcdwrite                               0x00002058   Section        0  nokia5110.o(i.lcdwrite)
    lcdwrite                                 0x00002059   Thumb Code    66  nokia5110.o(i.lcdwrite)
    i.main                                   0x000020a4   Section        0  xo.o(i.main)
    i.move                                   0x00002144   Section        0  operations.o(i.move)
    i.play_again                             0x000021e8   Section        0  screens.o(i.play_again)
    i.play_on_timer                          0x00002210   Section        0  screens.o(i.play_on_timer)
    i.printTime                              0x00002228   Section        0  screens.o(i.printTime)
    i.reset_timer                            0x000023a4   Section        0  timers.o(i.reset_timer)
    i.select_turn                            0x00002400   Section        0  operations.o(i.select_turn)
    i.setLED_D                               0x00002418   Section        0  leds.o(i.setLED_D)
    i.setLED_O                               0x0000244c   Section        0  leds.o(i.setLED_O)
    i.setLED_X                               0x00002480   Section        0  leds.o(i.setLED_X)
    i.splashScreen                           0x000024b4   Section        0  screens.o(i.splashScreen)
    i.startGame                              0x000024cc   Section        0  screens.o(i.startGame)
    i.turnO                                  0x00002584   Section        0  screens.o(i.turnO)
    i.turnX                                  0x000025bc   Section        0  screens.o(i.turnX)
    i.update                                 0x000025f0   Section        0  operations.o(i.update)
    i.winner_o                               0x0000274c   Section        0  screens.o(i.winner_o)
    i.winner_x                               0x00002768   Section        0  screens.o(i.winner_x)
    i.xo_play                                0x00002784   Section        0  operations.o(i.xo_play)
    .constdata                               0x000027f0   Section    18517  screens.o(.constdata)
    ASCII                                    0x000027f0   Data         480  screens.o(.constdata)
    .constdata                               0x00007045   Section      360  texas.o(.constdata)
    .data                                    0x20000000   Section        4  ports.o(.data)
    .data                                    0x20000004   Section     1920  screens.o(.data)
    .data                                    0x20000784   Section       52  texas.o(.data)
    .data                                    0x200007b8   Section        4  timers.o(.data)
    .data                                    0x200007bc   Section       32  xo.o(.data)
    .data                                    0x200007dc   Section      486  ports_cfg.o(.data)
    .data                                    0x200009c2   Section        4  timer_cfg.o(.data)
    .bss                                     0x200009c8   Section      504  nokia5110.o(.bss)
    .bss                                     0x20000bc0   Section       56  texas.o(.bss)
    .bss                                     0x20000bf8   Section       36  xo.o(.bss)
    .bss                                     0x20000c1c   Section       96  libspace.o(.bss)
    HEAP                                     0x20000c80   Section        0  startup.o(HEAP)
    STACK                                    0x20000c80   Section     1024  startup.o(STACK)
    HeapMem                                  0x20000c80   Data           0  startup.o(HEAP)
    StackMem                                 0x20000c80   Data           0  startup.o(STACK)

    Global Symbols

    Symbol Name                              Value     Ov Type        Size  Object(Section)

    BuildAttributes$$THM_ISAv4$E$P$D$K$B$S$7EM$PE$A:L22UL41UL21$X:L11$S22US41US21$IEEE1$IW$USESV6$~STKCKD$USESV7$~SHL$OSPACE$ROPI$EBA8$UX$STANDARDLIB$REQ8$PRES8$EABIv2 0x00000000   Number         0  anon$$obj.o ABSOLUTE
    __ARM_use_no_argv                        0x00000000   Number         0  xo.o ABSOLUTE
    __Vectors                                0x00000000   Data           0  startup.o(RESET)
    __ARM_exceptions_init                     - Undefined Weak Reference
    __alloca_initialize                       - Undefined Weak Reference
    __cpp_initialize__aeabi_                  - Undefined Weak Reference
    __cxa_finalize                            - Undefined Weak Reference
    __rt_locale                               - Undefined Weak Reference
    __sigvec_lookup                           - Undefined Weak Reference
    _atexit_init                              - Undefined Weak Reference
    _call_atexit_fns                          - Undefined Weak Reference
    _clock_init                               - Undefined Weak Reference
    _fp_trap_init                             - Undefined Weak Reference
    _fp_trap_shutdown                         - Undefined Weak Reference
    _get_lc_collate                           - Undefined Weak Reference
    _get_lc_ctype                             - Undefined Weak Reference
    _get_lc_monetary                          - Undefined Weak Reference
    _get_lc_numeric                           - Undefined Weak Reference
    _get_lc_time                              - Undefined Weak Reference
    _getenv_init                              - Undefined Weak Reference
    _handle_redirection                       - Undefined Weak Reference
    _init_alloc                               - Undefined Weak Reference
    _init_user_alloc                          - Undefined Weak Reference
    _initio                                   - Undefined Weak Reference
    _rand_init                                - Undefined Weak Reference
    _signal_finish                            - Undefined Weak Reference
    _signal_init                              - Undefined Weak Reference
    _terminate_alloc                          - Undefined Weak Reference
    _terminate_user_alloc                     - Undefined Weak Reference
    _terminateio                              - Undefined Weak Reference
    Reset_Handler                            0x0000026d   Thumb Code     0  startup.o(RESET)
    NMI_Handler                              0x00000271   Thumb Code     2  startup.o(RESET)
    HardFault_Handler                        0x00000273   Thumb Code     2  startup.o(RESET)
    MemManage_Handler                        0x00000275   Thumb Code     2  startup.o(RESET)
    BusFault_Handler                         0x00000277   Thumb Code     2  startup.o(RESET)
    UsageFault_Handler                       0x00000279   Thumb Code     2  startup.o(RESET)
    SVC_Handler                              0x0000027b   Thumb Code     2  startup.o(RESET)
    DebugMon_Handler                         0x0000027d   Thumb Code     2  startup.o(RESET)
    PendSV_Handler                           0x0000027f   Thumb Code     2  startup.o(RESET)
    SysTick_Handler                          0x00000281   Thumb Code     2  startup.o(RESET)
    ADC0Seq0_Handler                         0x00000283   Thumb Code     0  startup.o(RESET)
    ADC0Seq1_Handler                         0x00000283   Thumb Code     0  startup.o(RESET)
    ADC0Seq2_Handler                         0x00000283   Thumb Code     0  startup.o(RESET)
    ADC0Seq3_Handler                         0x00000283   Thumb Code     0  startup.o(RESET)
    ADC1Seq0_Handler                         0x00000283   Thumb Code     0  startup.o(RESET)
    ADC1Seq1_Handler                         0x00000283   Thumb Code     0  startup.o(RESET)
    ADC1Seq2_Handler                         0x00000283   Thumb Code     0  startup.o(RESET)
    ADC1Seq3_Handler                         0x00000283   Thumb Code     0  startup.o(RESET)
    CAN0_Handler                             0x00000283   Thumb Code     0  startup.o(RESET)
    CAN1_Handler                             0x00000283   Thumb Code     0  startup.o(RESET)
    CAN2_Handler                             0x00000283   Thumb Code     0  startup.o(RESET)
    Comp0_Handler                            0x00000283   Thumb Code     0  startup.o(RESET)
    Comp1_Handler                            0x00000283   Thumb Code     0  startup.o(RESET)
    Comp2_Handler                            0x00000283   Thumb Code     0  startup.o(RESET)
    Ethernet_Handler                         0x00000283   Thumb Code     0  startup.o(RESET)
    ExtBus_Handler                           0x00000283   Thumb Code     0  startup.o(RESET)
    FPU_Handler                              0x00000283   Thumb Code     0  startup.o(RESET)
    Fan0_Handler                             0x00000283   Thumb Code     0  startup.o(RESET)
    FlashCtl_Handler                         0x00000283   Thumb Code     0  startup.o(RESET)
    GPIOPortA_Handler                        0x00000283   Thumb Code     0  startup.o(RESET)
    GPIOPortC_Handler                        0x00000283   Thumb Code     0  startup.o(RESET)
    GPIOPortD_Handler                        0x00000283   Thumb Code     0  startup.o(RESET)
    GPIOPortE_Handler                        0x00000283   Thumb Code     0  startup.o(RESET)
    GPIOPortF_Handler                        0x00000283   Thumb Code     0  startup.o(RESET)
    GPIOPortG_Handler                        0x00000283   Thumb Code     0  startup.o(RESET)
    GPIOPortH_Handler                        0x00000283   Thumb Code     0  startup.o(RESET)
    GPIOPortJ_Handler                        0x00000283   Thumb Code     0  startup.o(RESET)
    GPIOPortK_Handler                        0x00000283   Thumb Code     0  startup.o(RESET)
    GPIOPortL_Handler                        0x00000283   Thumb Code     0  startup.o(RESET)
    GPIOPortM_Handler                        0x00000283   Thumb Code     0  startup.o(RESET)
    GPIOPortN_Handler                        0x00000283   Thumb Code     0  startup.o(RESET)
    GPIOPortP1_Handler                       0x00000283   Thumb Code     0  startup.o(RESET)
    GPIOPortP2_Handler                       0x00000283   Thumb Code     0  startup.o(RESET)
    GPIOPortP3_Handler                       0x00000283   Thumb Code     0  startup.o(RESET)
    GPIOPortP4_Handler                       0x00000283   Thumb Code     0  startup.o(RESET)
    GPIOPortP5_Handler                       0x00000283   Thumb Code     0  startup.o(RESET)
    GPIOPortP6_Handler                       0x00000283   Thumb Code     0  startup.o(RESET)
    GPIOPortP7_Handler                       0x00000283   Thumb Code     0  startup.o(RESET)
    GPIOPortP_Handler                        0x00000283   Thumb Code     0  startup.o(RESET)
    GPIOPortQ1_Handler                       0x00000283   Thumb Code     0  startup.o(RESET)
    GPIOPortQ2_Handler                       0x00000283   Thumb Code     0  startup.o(RESET)
    GPIOPortQ3_Handler                       0x00000283   Thumb Code     0  startup.o(RESET)
    GPIOPortQ4_Handler                       0x00000283   Thumb Code     0  startup.o(RESET)
    GPIOPortQ5_Handler                       0x00000283   Thumb Code     0  startup.o(RESET)
    GPIOPortQ6_Handler                       0x00000283   Thumb Code     0  startup.o(RESET)
    GPIOPortQ7_Handler                       0x00000283   Thumb Code     0  startup.o(RESET)
    GPIOPortQ_Handler                        0x00000283   Thumb Code     0  startup.o(RESET)
    GPIOPortR_Handler                        0x00000283   Thumb Code     0  startup.o(RESET)
    GPIOPortS_Handler                        0x00000283   Thumb Code     0  startup.o(RESET)
    Hibernate_Handler                        0x00000283   Thumb Code     0  startup.o(RESET)
    I2C0_Handler                             0x00000283   Thumb Code     0  startup.o(RESET)
    I2C1_Handler                             0x00000283   Thumb Code     0  startup.o(RESET)
    I2C2_Handler                             0x00000283   Thumb Code     0  startup.o(RESET)
    I2C3_Handler                             0x00000283   Thumb Code     0  startup.o(RESET)
    I2C4_Handler                             0x00000283   Thumb Code     0  startup.o(RESET)
    I2C5_Handler                             0x00000283   Thumb Code     0  startup.o(RESET)
    I2S0_Handler                             0x00000283   Thumb Code     0  startup.o(RESET)
    LPC0_Handler                             0x00000283   Thumb Code     0  startup.o(RESET)
    PECI0_Handler                            0x00000283   Thumb Code     0  startup.o(RESET)
    PWM0Fault_Handler                        0x00000283   Thumb Code     0  startup.o(RESET)
    PWM0Generator0_Handler                   0x00000283   Thumb Code     0  startup.o(RESET)
    PWM0Generator1_Handler                   0x00000283   Thumb Code     0  startup.o(RESET)
    PWM0Generator2_Handler                   0x00000283   Thumb Code     0  startup.o(RESET)
    PWM0Generator3_Handler                   0x00000283   Thumb Code     0  startup.o(RESET)
    PWM1Fault_Handler                        0x00000283   Thumb Code     0  startup.o(RESET)
    PWM1Generator0_Handler                   0x00000283   Thumb Code     0  startup.o(RESET)
    PWM1Generator1_Handler                   0x00000283   Thumb Code     0  startup.o(RESET)
    PWM1Generator2_Handler                   0x00000283   Thumb Code     0  startup.o(RESET)
    PWM1Generator3_Handler                   0x00000283   Thumb Code     0  startup.o(RESET)
    Quadrature0_Handler                      0x00000283   Thumb Code     0  startup.o(RESET)
    Quadrature1_Handler                      0x00000283   Thumb Code     0  startup.o(RESET)
    Quadrature2_Handler                      0x00000283   Thumb Code     0  startup.o(RESET)
    SSI0_Handler                             0x00000283   Thumb Code     0  startup.o(RESET)
    SSI1_Handler                             0x00000283   Thumb Code     0  startup.o(RESET)
    SSI2_Handler                             0x00000283   Thumb Code     0  startup.o(RESET)
    SSI3_Handler                             0x00000283   Thumb Code     0  startup.o(RESET)
    SysCtl_Handler                           0x00000283   Thumb Code     0  startup.o(RESET)
    Timer0A_Handler                          0x00000283   Thumb Code     0  startup.o(RESET)
    Timer0B_Handler                          0x00000283   Thumb Code     0  startup.o(RESET)
    Timer1A_Handler                          0x00000283   Thumb Code     0  startup.o(RESET)
    Timer1B_Handler                          0x00000283   Thumb Code     0  startup.o(RESET)
    Timer2B_Handler                          0x00000283   Thumb Code     0  startup.o(RESET)
    Timer3A_Handler                          0x00000283   Thumb Code     0  startup.o(RESET)
    Timer3B_Handler                          0x00000283   Thumb Code     0  startup.o(RESET)
    Timer4B_Handler                          0x00000283   Thumb Code     0  startup.o(RESET)
    Timer5B_Handler                          0x00000283   Thumb Code     0  startup.o(RESET)
    UART0_Handler                            0x00000283   Thumb Code     0  startup.o(RESET)
    UART1_Handler                            0x00000283   Thumb Code     0  startup.o(RESET)
    UART2_Handler                            0x00000283   Thumb Code     0  startup.o(RESET)
    UART3_Handler                            0x00000283   Thumb Code     0  startup.o(RESET)
    UART4_Handler                            0x00000283   Thumb Code     0  startup.o(RESET)
    UART5_Handler                            0x00000283   Thumb Code     0  startup.o(RESET)
    UART6_Handler                            0x00000283   Thumb Code     0  startup.o(RESET)
    UART7_Handler                            0x00000283   Thumb Code     0  startup.o(RESET)
    USB0_Handler                             0x00000283   Thumb Code     0  startup.o(RESET)
    WDT_Handler                              0x00000283   Thumb Code     0  startup.o(RESET)
    WideTimer0A_Handler                      0x00000283   Thumb Code     0  startup.o(RESET)
    WideTimer0B_Handler                      0x00000283   Thumb Code     0  startup.o(RESET)
    WideTimer1A_Handler                      0x00000283   Thumb Code     0  startup.o(RESET)
    WideTimer1B_Handler                      0x00000283   Thumb Code     0  startup.o(RESET)
    WideTimer2A_Handler                      0x00000283   Thumb Code     0  startup.o(RESET)
    WideTimer2B_Handler                      0x00000283   Thumb Code     0  startup.o(RESET)
    WideTimer3A_Handler                      0x00000283   Thumb Code     0  startup.o(RESET)
    WideTimer3B_Handler                      0x00000283   Thumb Code     0  startup.o(RESET)
    WideTimer4A_Handler                      0x00000283   Thumb Code     0  startup.o(RESET)
    WideTimer4B_Handler                      0x00000283   Thumb Code     0  startup.o(RESET)
    WideTimer5A_Handler                      0x00000283   Thumb Code     0  startup.o(RESET)
    WideTimer5B_Handler                      0x00000283   Thumb Code     0  startup.o(RESET)
    uDMA_Error                               0x00000283   Thumb Code     0  startup.o(RESET)
    uDMA_Handler                             0x00000283   Thumb Code     0  startup.o(RESET)
    __main                                   0x00000285   Thumb Code     8  __main.o(!!!main)
    __scatterload                            0x0000028d   Thumb Code     0  __scatter.o(!!!scatter)
    __scatterload_rt2                        0x0000028d   Thumb Code    44  __scatter.o(!!!scatter)
    __scatterload_rt2_thumb_only             0x0000028d   Thumb Code     0  __scatter.o(!!!scatter)
    __scatterload_null                       0x0000029b   Thumb Code     0  __scatter.o(!!!scatter)
    __decompress                             0x000002c1   Thumb Code    90  __dczerorl2.o(!!dczerorl2)
    __decompress1                            0x000002c1   Thumb Code     0  __dczerorl2.o(!!dczerorl2)
    __scatterload_zeroinit                   0x0000031d   Thumb Code    28  __scatter_zi.o(!!handler_zi)
    __rt_lib_init                            0x00000339   Thumb Code     0  libinit.o(.ARM.Collect$$libinit$$00000000)
    __rt_lib_init_alloca_1                   0x0000033b   Thumb Code     0  libinit2.o(.ARM.Collect$$libinit$$0000002C)
    __rt_lib_init_argv_1                     0x0000033b   Thumb Code     0  libinit2.o(.ARM.Collect$$libinit$$0000002A)
    __rt_lib_init_atexit_1                   0x0000033b   Thumb Code     0  libinit2.o(.ARM.Collect$$libinit$$00000019)
    __rt_lib_init_clock_1                    0x0000033b   Thumb Code     0  libinit2.o(.ARM.Collect$$libinit$$0000001F)
    __rt_lib_init_cpp_1                      0x0000033b   Thumb Code     0  libinit2.o(.ARM.Collect$$libinit$$00000030)
    __rt_lib_init_exceptions_1               0x0000033b   Thumb Code     0  libinit2.o(.ARM.Collect$$libinit$$0000002E)
    __rt_lib_init_fp_1                       0x0000033b   Thumb Code     0  libinit2.o(.ARM.Collect$$libinit$$00000002)
    __rt_lib_init_fp_trap_1                  0x0000033b   Thumb Code     0  libinit2.o(.ARM.Collect$$libinit$$0000001D)
    __rt_lib_init_getenv_1                   0x0000033b   Thumb Code     0  libinit2.o(.ARM.Collect$$libinit$$00000021)
    __rt_lib_init_heap_1                     0x0000033b   Thumb Code     0  libinit2.o(.ARM.Collect$$libinit$$00000008)
    __rt_lib_init_lc_collate_1               0x0000033b   Thumb Code     0  libinit2.o(.ARM.Collect$$libinit$$0000000F)
    __rt_lib_init_lc_ctype_1                 0x0000033b   Thumb Code     0  libinit2.o(.ARM.Collect$$libinit$$00000011)
    __rt_lib_init_lc_monetary_1              0x0000033b   Thumb Code     0  libinit2.o(.ARM.Collect$$libinit$$00000013)
    __rt_lib_init_lc_numeric_1               0x0000033b   Thumb Code     0  libinit2.o(.ARM.Collect$$libinit$$00000015)
    __rt_lib_init_lc_time_1                  0x0000033b   Thumb Code     0  libinit2.o(.ARM.Collect$$libinit$$00000017)
    __rt_lib_init_rand_1                     0x0000033b   Thumb Code     0  libinit2.o(.ARM.Collect$$libinit$$0000000C)
    __rt_lib_init_return                     0x0000033b   Thumb Code     0  libinit2.o(.ARM.Collect$$libinit$$00000031)
    __rt_lib_init_signal_1                   0x0000033b   Thumb Code     0  libinit2.o(.ARM.Collect$$libinit$$0000001B)
    __rt_lib_init_stdio_1                    0x0000033b   Thumb Code     0  libinit2.o(.ARM.Collect$$libinit$$00000023)
    __rt_lib_init_user_alloc_1               0x0000033b   Thumb Code     0  libinit2.o(.ARM.Collect$$libinit$$0000000A)
    __rt_lib_shutdown                        0x0000033d   Thumb Code     0  libshutdown.o(.ARM.Collect$$libshutdown$$00000000)
    __rt_lib_shutdown_fp_trap_1              0x0000033f   Thumb Code     0  libshutdown2.o(.ARM.Collect$$libshutdown$$00000006)
    __rt_lib_shutdown_heap_1                 0x0000033f   Thumb Code     0  libshutdown2.o(.ARM.Collect$$libshutdown$$0000000E)
    __rt_lib_shutdown_return                 0x0000033f   Thumb Code     0  libshutdown2.o(.ARM.Collect$$libshutdown$$0000000F)
    __rt_lib_shutdown_signal_1               0x0000033f   Thumb Code     0  libshutdown2.o(.ARM.Collect$$libshutdown$$00000009)
    __rt_lib_shutdown_stdio_1                0x0000033f   Thumb Code     0  libshutdown2.o(.ARM.Collect$$libshutdown$$00000003)
    __rt_lib_shutdown_user_alloc_1           0x0000033f   Thumb Code     0  libshutdown2.o(.ARM.Collect$$libshutdown$$0000000B)
    __rt_entry                               0x00000341   Thumb Code     0  rtentry.o(.ARM.Collect$$rtentry$$00000000)
    __rt_entry_presh_1                       0x00000341   Thumb Code     0  rtentry2.o(.ARM.Collect$$rtentry$$00000002)
    __rt_entry_sh                            0x00000341   Thumb Code     0  rtentry4.o(.ARM.Collect$$rtentry$$00000004)
    __rt_entry_li                            0x00000347   Thumb Code     0  rtentry2.o(.ARM.Collect$$rtentry$$0000000A)
    __rt_entry_postsh_1                      0x00000347   Thumb Code     0  rtentry2.o(.ARM.Collect$$rtentry$$00000009)
    __rt_entry_main                          0x0000034b   Thumb Code     0  rtentry2.o(.ARM.Collect$$rtentry$$0000000D)
    __rt_entry_postli_1                      0x0000034b   Thumb Code     0  rtentry2.o(.ARM.Collect$$rtentry$$0000000C)
    __rt_exit                                0x00000353   Thumb Code     0  rtexit.o(.ARM.Collect$$rtexit$$00000000)
    __rt_exit_ls                             0x00000355   Thumb Code     0  rtexit2.o(.ARM.Collect$$rtexit$$00000003)
    __rt_exit_prels_1                        0x00000355   Thumb Code     0  rtexit2.o(.ARM.Collect$$rtexit$$00000002)
    __rt_exit_exit                           0x00000359   Thumb Code     0  rtexit2.o(.ARM.Collect$$rtexit$$00000004)
    DisableInterrupts                        0x00000361   Thumb Code     0  startup.o(.text)
    EnableInterrupts                         0x00000365   Thumb Code     0  startup.o(.text)
    StartCritical                            0x00000369   Thumb Code     0  startup.o(.text)
    EndCritical                              0x00000371   Thumb Code     0  startup.o(.text)
    WaitForInterrupt                         0x00000377   Thumb Code     0  startup.o(.text)
    __user_initial_stackheap                 0x0000037b   Thumb Code     0  startup.o(.text)
    __use_two_region_memory                  0x00000391   Thumb Code     2  heapauxi.o(.text)
    __rt_heap_escrow$2region                 0x00000393   Thumb Code     2  heapauxi.o(.text)
    __rt_heap_expand$2region                 0x00000395   Thumb Code     2  heapauxi.o(.text)
    __user_setup_stackheap                   0x00000397   Thumb Code    74  sys_stackheap_outer.o(.text)
    exit                                     0x000003e1   Thumb Code    12  exit.o(.text)
    __user_libspace                          0x000003ed   Thumb Code     8  libspace.o(.text)
    __user_perproc_libspace                  0x000003ed   Thumb Code     0  libspace.o(.text)
    __user_perthread_libspace                0x000003ed   Thumb Code     0  libspace.o(.text)
    _sys_exit                                0x000003f5   Thumb Code     8  sys_exit.o(.text)
    __I$use$semihosting                      0x00000401   Thumb Code     0  use_no_semi.o(.text)
    __use_no_semihosting_swi                 0x00000401   Thumb Code     2  use_no_semi.o(.text)
    __semihosting_library_function           0x00000403   Thumb Code     0  indicate_semi.o(.text)
    ADC1_In                                  0x00000405   Thumb Code     6  texas.o(i.ADC1_In)
    ADC1_Init                                0x00000411   Thumb Code   174  texas.o(i.ADC1_Init)
    Choise                                   0x000004e5   Thumb Code    20  screens.o(i.Choise)
    Delay100ms                               0x000004fd   Thumb Code    30  timers.o(i.Delay100ms)
    GPIOPortB_Handler                        0x00000521   Thumb Code    94  ports.o(i.GPIOPortB_Handler)
    Nokia5110_Clear                          0x0000058d   Thumb Code    32  nokia5110.o(i.Nokia5110_Clear)
    Nokia5110_ClearBuffer                    0x000005ad   Thumb Code    20  nokia5110.o(i.Nokia5110_ClearBuffer)
    Nokia5110_DisplayBuffer                  0x000005c5   Thumb Code    10  nokia5110.o(i.Nokia5110_DisplayBuffer)
    Nokia5110_DrawFullImage                  0x000005d5   Thumb Code    34  nokia5110.o(i.Nokia5110_DrawFullImage)
    Nokia5110_Init                           0x000005f9   Thumb Code   316  nokia5110.o(i.Nokia5110_Init)
    Nokia5110_PrintBMP                       0x00000765   Thumb Code   420  nokia5110.o(i.Nokia5110_PrintBMP)
    Nokia5110_SetCursor                      0x0000090d   Thumb Code    48  nokia5110.o(i.Nokia5110_SetCursor)
    PLL_Init                                 0x0000093d   Thumb Code   118  texas.o(i.PLL_Init)
    PORT_init                                0x000009b9   Thumb Code  2874  ports.o(i.PORT_init)
    SetCode                                  0x00001511   Thumb Code    20  texas.o(i.SetCode)
    SetCourse                                0x00001529   Thumb Code    20  texas.o(i.SetCourse)
    TExaS_Init                               0x00001541   Thumb Code   324  texas.o(i.TExaS_Init)
    TIMER_Init                               0x00001705   Thumb Code   628  timers.o(i.TIMER_Init)
    Timer2A_Handler                          0x000019a5   Thumb Code    52  timers.o(i.Timer2A_Handler)
    Timer4A_Handler                          0x000019ed   Thumb Code    20  texas.o(i.Timer4A_Handler)
    Timer5A_Handler                          0x00001a0d   Thumb Code    34  texas.o(i.Timer5A_Handler)
    UART0_Init                               0x00001a3d   Thumb Code   160  texas.o(i.UART0_Init)
    UART_InChar                              0x00001afd   Thumb Code    28  uart.o(i.UART_InChar)
    UART_Init                                0x00001b21   Thumb Code   126  uart.o(i.UART_Init)
    UART_OutChar                             0x00001bb9   Thumb Code    18  uart.o(i.UART_OutChar)
    UART_OutString                           0x00001bd1   Thumb Code    22  uart.o(i.UART_OutString)
    Uart_play                                0x00001be9   Thumb Code   118  operations.o(i.Uart_play)
    check                                    0x00001cd9   Thumb Code   124  operations.o(i.check)
    checkWinner                              0x00001d65   Thumb Code   282  operations.o(i.checkWinner)
    clearLED_D                               0x00001e85   Thumb Code    16  leds.o(i.clearLED_D)
    clear_switches                           0x00001e9d   Thumb Code    12  operations.o(i.clear_switches)
    disable_timer                            0x00001eb1   Thumb Code   102  timers.o(i.disable_timer)
    draw                                     0x00001f31   Thumb Code    24  screens.o(i.draw)
    enable_timer                             0x00001f4d   Thumb Code    66  timers.o(i.enable_timer)
    error                                    0x00001fa9   Thumb Code    58  leds.o(i.error)
    init                                     0x00001fe9   Thumb Code    78  operations.o(i.init)
    main                                     0x000020a5   Thumb Code   136  xo.o(i.main)
    move                                     0x00002145   Thumb Code   152  operations.o(i.move)
    play_again                               0x000021e9   Thumb Code    34  screens.o(i.play_again)
    play_on_timer                            0x00002211   Thumb Code    20  screens.o(i.play_on_timer)
    printTime                                0x00002229   Thumb Code   334  screens.o(i.printTime)
    reset_timer                              0x000023a5   Thumb Code    66  timers.o(i.reset_timer)
    select_turn                              0x00002401   Thumb Code    20  operations.o(i.select_turn)
    setLED_D                                 0x00002419   Thumb Code    44  leds.o(i.setLED_D)
    setLED_O                                 0x0000244d   Thumb Code    44  leds.o(i.setLED_O)
    setLED_X                                 0x00002481   Thumb Code    44  leds.o(i.setLED_X)
    splashScreen                             0x000024b5   Thumb Code    20  screens.o(i.splashScreen)
    startGame                                0x000024cd   Thumb Code   162  screens.o(i.startGame)
    turnO                                    0x00002585   Thumb Code    46  screens.o(i.turnO)
    turnX                                    0x000025bd   Thumb Code    46  screens.o(i.turnX)
    update                                   0x000025f1   Thumb Code   276  operations.o(i.update)
    winner_o                                 0x0000274d   Thumb Code    24  screens.o(i.winner_o)
    winner_x                                 0x00002769   Thumb Code    24  screens.o(i.winner_x)
    xo_play                                  0x00002785   Thumb Code    90  operations.o(i.xo_play)
    play                                     0x000029d0   Data        2231  screens.o(.constdata)
    uart_sws                                 0x00003287   Data        2231  screens.o(.constdata)
    xo                                       0x00003b3e   Data        2231  screens.o(.constdata)
    Winner_x                                 0x000043f5   Data        2231  screens.o(.constdata)
    Winner_o                                 0x00004cac   Data        2231  screens.o(.constdata)
    Draw                                     0x00005563   Data        2231  screens.o(.constdata)
    playAgain                                0x00005e1a   Data        2231  screens.o(.constdata)
    turnxbox                                 0x000066d1   Data         215  screens.o(.constdata)
    turnobox                                 0x000067a8   Data         215  screens.o(.constdata)
    t1                                       0x0000687f   Data         199  screens.o(.constdata)
    t2                                       0x00006946   Data         199  screens.o(.constdata)
    t3                                       0x00006a0d   Data         199  screens.o(.constdata)
    t4                                       0x00006ad4   Data         199  screens.o(.constdata)
    t5                                       0x00006b9b   Data         199  screens.o(.constdata)
    t6                                       0x00006c62   Data         199  screens.o(.constdata)
    t7                                       0x00006d29   Data         199  screens.o(.constdata)
    t8                                       0x00006df0   Data         199  screens.o(.constdata)
    t9                                       0x00006eb7   Data         199  screens.o(.constdata)
    t10                                      0x00006f7e   Data         199  screens.o(.constdata)
    NoInputMsg                               0x00007045   Data          40  texas.o(.constdata)
    OutputPortMsg0                           0x0000706d   Data          40  texas.o(.constdata)
    OutputPortMsg1                           0x00007095   Data          40  texas.o(.constdata)
    OutputPortMsg2                           0x000070bd   Data          40  texas.o(.constdata)
    OutputPortMsg3                           0x000070e5   Data          40  texas.o(.constdata)
    BlankMsg                                 0x0000710d   Data          40  texas.o(.constdata)
    InitializedMsg                           0x00007135   Data          40  texas.o(.constdata)
    IntroMsg                                 0x0000715d   Data          40  texas.o(.constdata)
    DoneMsg                                  0x00007185   Data          40  texas.o(.constdata)
    Region$$Table$$Base                      0x000071b0   Number         0  anon$$obj.o(Region$$Table)
    Region$$Table$$Limit                     0x000071d0   Number         0  anon$$obj.o(Region$$Table)
    delay                                    0x20000000   Data           4  ports.o(.data)
    O                                        0x20000004   Data         231  screens.o(.data)
    X                                        0x200000eb   Data         231  screens.o(.data)
    Select                                   0x200001d2   Data         231  screens.o(.data)
    SelectO                                  0x200002b9   Data         231  screens.o(.data)
    SelectX                                  0x200003a0   Data         231  screens.o(.data)
    square                                   0x20000487   Data         231  screens.o(.data)
    selectedSquare                           0x2000056e   Data         231  screens.o(.data)
    VLine                                    0x20000655   Data         303  screens.o(.data)
    TExaS_Period                             0x20000784   Data           4  texas.o(.data)
    TExaS_Ports                              0x20000788   Data           8  texas.o(.data)
    Display                                  0x20000790   Data           1  texas.o(.data)
    TExaS_Meter                              0x20000794   Data           4  texas.o(.data)
    ADCnum                                   0x20000798   Data           4  texas.o(.data)
    LastMode                                 0x2000079c   Data           4  texas.o(.data)
    bFlag                                    0x200007a0   Data           4  texas.o(.data)
    Count                                    0x200007a4   Data           4  texas.o(.data)
    DelayBetweenTests                        0x200007a8   Data           4  texas.o(.data)
    TExaS_Test                               0x200007ac   Data           4  texas.o(.data)
    ScopeMode                                0x200007b0   Data           4  texas.o(.data)
    ScopeCount                               0x200007b4   Data           4  texas.o(.data)
    flag                                     0x200007b8   Data           4  timers.o(.data)
    time                                     0x200007bc   Data           4  xo.o(.data)
    turn                                     0x200007c0   Data           4  xo.o(.data)
    ok                                       0x200007c4   Data           4  xo.o(.data)
    uart                                     0x200007c8   Data           4  xo.o(.data)
    row                                      0x200007cc   Data           4  xo.o(.data)
    col                                      0x200007d0   Data           4  xo.o(.data)
    SW1                                      0x200007d4   Data           4  xo.o(.data)
    SW2                                      0x200007d8   Data           4  xo.o(.data)
    portCfg                                  0x200007dc   Data         486  ports_cfg.o(.data)
    TimerCfg                                 0x200009c2   Data           4  timer_cfg.o(.data)
    Screen                                   0x200009c8   Data         504  nokia5110.o(.bss)
    TExaS                                    0x20000bc0   Data          56  texas.o(.bss)
    arr                                      0x20000bf8   Data          36  xo.o(.bss)
    __libspace_start                         0x20000c1c   Data          96  libspace.o(.bss)
    __temporary_stack_top$libspace           0x20000c7c   Data           0  libspace.o(.bss)



==============================================================================

Memory Map of the image

  Image Entry point : 0x0000026d

  Load Region LR_1 (Base: 0x00000000, Size: 0x00007b98, Max: 0xffffffff, ABSOLUTE, COMPRESSED[0x000072cc])

    Execution Region ER_RO (Base: 0x00000000, Size: 0x000071d0, Max: 0xffffffff, ABSOLUTE)

    Base Addr    Size         Type   Attr      Idx    E Section Name        Object

    0x00000000   0x00000284   Code   RO            3  * RESET               startup.o
    0x00000284   0x00000008   Code   RO          646  * !!!main             c_w.l(__main.o)
    0x0000028c   0x00000034   Code   RO          802    !!!scatter          c_w.l(__scatter.o)
    0x000002c0   0x0000005a   Code   RO          800    !!dczerorl2         c_w.l(__dczerorl2.o)
    0x0000031a   0x00000002   PAD
    0x0000031c   0x0000001c   Code   RO          804    !!handler_zi        c_w.l(__scatter_zi.o)
    0x00000338   0x00000002   Code   RO          673    .ARM.Collect$$libinit$$00000000  c_w.l(libinit.o)
    0x0000033a   0x00000000   Code   RO          680    .ARM.Collect$$libinit$$00000002  c_w.l(libinit2.o)
    0x0000033a   0x00000000   Code   RO          683    .ARM.Collect$$libinit$$00000008  c_w.l(libinit2.o)
    0x0000033a   0x00000000   Code   RO          685    .ARM.Collect$$libinit$$0000000A  c_w.l(libinit2.o)
    0x0000033a   0x00000000   Code   RO          687    .ARM.Collect$$libinit$$0000000C  c_w.l(libinit2.o)
    0x0000033a   0x00000000   Code   RO          690    .ARM.Collect$$libinit$$0000000F  c_w.l(libinit2.o)
    0x0000033a   0x00000000   Code   RO          692    .ARM.Collect$$libinit$$00000011  c_w.l(libinit2.o)
    0x0000033a   0x00000000   Code   RO          694    .ARM.Collect$$libinit$$00000013  c_w.l(libinit2.o)
    0x0000033a   0x00000000   Code   RO          696    .ARM.Collect$$libinit$$00000015  c_w.l(libinit2.o)
    0x0000033a   0x00000000   Code   RO          698    .ARM.Collect$$libinit$$00000017  c_w.l(libinit2.o)
    0x0000033a   0x00000000   Code   RO          700    .ARM.Collect$$libinit$$00000019  c_w.l(libinit2.o)
    0x0000033a   0x00000000   Code   RO          702    .ARM.Collect$$libinit$$0000001B  c_w.l(libinit2.o)
    0x0000033a   0x00000000   Code   RO          704    .ARM.Collect$$libinit$$0000001D  c_w.l(libinit2.o)
    0x0000033a   0x00000000   Code   RO          706    .ARM.Collect$$libinit$$0000001F  c_w.l(libinit2.o)
    0x0000033a   0x00000000   Code   RO          708    .ARM.Collect$$libinit$$00000021  c_w.l(libinit2.o)
    0x0000033a   0x00000000   Code   RO          710    .ARM.Collect$$libinit$$00000023  c_w.l(libinit2.o)
    0x0000033a   0x00000000   Code   RO          714    .ARM.Collect$$libinit$$0000002A  c_w.l(libinit2.o)
    0x0000033a   0x00000000   Code   RO          716    .ARM.Collect$$libinit$$0000002C  c_w.l(libinit2.o)
    0x0000033a   0x00000000   Code   RO          718    .ARM.Collect$$libinit$$0000002E  c_w.l(libinit2.o)
    0x0000033a   0x00000000   Code   RO          720    .ARM.Collect$$libinit$$00000030  c_w.l(libinit2.o)
    0x0000033a   0x00000002   Code   RO          721    .ARM.Collect$$libinit$$00000031  c_w.l(libinit2.o)
    0x0000033c   0x00000002   Code   RO          741    .ARM.Collect$$libshutdown$$00000000  c_w.l(libshutdown.o)
    0x0000033e   0x00000000   Code   RO          755    .ARM.Collect$$libshutdown$$00000003  c_w.l(libshutdown2.o)
    0x0000033e   0x00000000   Code   RO          758    .ARM.Collect$$libshutdown$$00000006  c_w.l(libshutdown2.o)
    0x0000033e   0x00000000   Code   RO          761    .ARM.Collect$$libshutdown$$00000009  c_w.l(libshutdown2.o)
    0x0000033e   0x00000000   Code   RO          763    .ARM.Collect$$libshutdown$$0000000B  c_w.l(libshutdown2.o)
    0x0000033e   0x00000000   Code   RO          766    .ARM.Collect$$libshutdown$$0000000E  c_w.l(libshutdown2.o)
    0x0000033e   0x00000002   Code   RO          767    .ARM.Collect$$libshutdown$$0000000F  c_w.l(libshutdown2.o)
    0x00000340   0x00000000   Code   RO          648    .ARM.Collect$$rtentry$$00000000  c_w.l(rtentry.o)
    0x00000340   0x00000000   Code   RO          650    .ARM.Collect$$rtentry$$00000002  c_w.l(rtentry2.o)
    0x00000340   0x00000006   Code   RO          662    .ARM.Collect$$rtentry$$00000004  c_w.l(rtentry4.o)
    0x00000346   0x00000000   Code   RO          652    .ARM.Collect$$rtentry$$00000009  c_w.l(rtentry2.o)
    0x00000346   0x00000004   Code   RO          653    .ARM.Collect$$rtentry$$0000000A  c_w.l(rtentry2.o)
    0x0000034a   0x00000000   Code   RO          655    .ARM.Collect$$rtentry$$0000000C  c_w.l(rtentry2.o)
    0x0000034a   0x00000008   Code   RO          656    .ARM.Collect$$rtentry$$0000000D  c_w.l(rtentry2.o)
    0x00000352   0x00000002   Code   RO          677    .ARM.Collect$$rtexit$$00000000  c_w.l(rtexit.o)
    0x00000354   0x00000000   Code   RO          723    .ARM.Collect$$rtexit$$00000002  c_w.l(rtexit2.o)
    0x00000354   0x00000004   Code   RO          724    .ARM.Collect$$rtexit$$00000003  c_w.l(rtexit2.o)
    0x00000358   0x00000006   Code   RO          725    .ARM.Collect$$rtexit$$00000004  c_w.l(rtexit2.o)
    0x0000035e   0x00000002   PAD
    0x00000360   0x00000030   Code   RO            4    .text               startup.o
    0x00000390   0x00000006   Code   RO          644    .text               c_w.l(heapauxi.o)
    0x00000396   0x0000004a   Code   RO          664    .text               c_w.l(sys_stackheap_outer.o)
    0x000003e0   0x0000000c   Code   RO          666    .text               c_w.l(exit.o)
    0x000003ec   0x00000008   Code   RO          674    .text               c_w.l(libspace.o)
    0x000003f4   0x0000000c   Code   RO          733    .text               c_w.l(sys_exit.o)
    0x00000400   0x00000002   Code   RO          744    .text               c_w.l(use_no_semi.o)
    0x00000402   0x00000000   Code   RO          746    .text               c_w.l(indicate_semi.o)
    0x00000402   0x00000002   PAD
    0x00000404   0x0000000c   Code   RO          323    i.ADC1_In           texas.o
    0x00000410   0x000000d4   Code   RO          324    i.ADC1_Init         texas.o
    0x000004e4   0x00000018   Code   RO          245    i.Choise            screens.o
    0x000004fc   0x00000024   Code   RO          443    i.Delay100ms        timers.o
    0x00000520   0x0000006c   Code   RO          216    i.GPIOPortB_Handler  ports.o
    0x0000058c   0x00000020   Code   RO           72    i.Nokia5110_Clear   nokia5110.o
    0x000005ac   0x00000018   Code   RO           73    i.Nokia5110_ClearBuffer  nokia5110.o
    0x000005c4   0x00000010   Code   RO           74    i.Nokia5110_DisplayBuffer  nokia5110.o
    0x000005d4   0x00000022   Code   RO           75    i.Nokia5110_DrawFullImage  nokia5110.o
    0x000005f6   0x00000002   PAD
    0x000005f8   0x0000016c   Code   RO           76    i.Nokia5110_Init    nokia5110.o
    0x00000764   0x000001a8   Code   RO           80    i.Nokia5110_PrintBMP  nokia5110.o
    0x0000090c   0x00000030   Code   RO           81    i.Nokia5110_SetCursor  nokia5110.o
    0x0000093c   0x0000007c   Code   RO          325    i.PLL_Init          texas.o
    0x000009b8   0x00000b58   Code   RO          217    i.PORT_init         ports.o
    0x00001510   0x00000018   Code   RO          326    i.SetCode           texas.o
    0x00001528   0x00000018   Code   RO          327    i.SetCourse         texas.o
    0x00001540   0x000001c4   Code   RO          331    i.TExaS_Init        texas.o
    0x00001704   0x000002a0   Code   RO          444    i.TIMER_Init        timers.o
    0x000019a4   0x00000048   Code   RO          445    i.Timer2A_Handler   timers.o
    0x000019ec   0x00000020   Code   RO          333    i.Timer4A_Handler   texas.o
    0x00001a0c   0x00000030   Code   RO          334    i.Timer5A_Handler   texas.o
    0x00001a3c   0x000000c0   Code   RO          337    i.UART0_Init        texas.o
    0x00001afc   0x00000024   Code   RO          534    i.UART_InChar       uart.o
    0x00001b20   0x00000098   Code   RO          537    i.UART_Init         uart.o
    0x00001bb8   0x00000018   Code   RO          538    i.UART_OutChar      uart.o
    0x00001bd0   0x00000016   Code   RO          540    i.UART_OutString    uart.o
    0x00001be6   0x00000002   PAD
    0x00001be8   0x000000f0   Code   RO          150    i.Uart_play         operations.o
    0x00001cd8   0x0000008c   Code   RO          151    i.check             operations.o
    0x00001d64   0x00000120   Code   RO          152    i.checkWinner       operations.o
    0x00001e84   0x00000018   Code   RO           13    i.clearLED_D        leds.o
    0x00001e9c   0x00000014   Code   RO          153    i.clear_switches    operations.o
    0x00001eb0   0x00000080   Code   RO          446    i.disable_timer     timers.o
    0x00001f30   0x0000001c   Code   RO          246    i.draw              screens.o
    0x00001f4c   0x0000005c   Code   RO          447    i.enable_timer      timers.o
    0x00001fa8   0x00000040   Code   RO           14    i.error             leds.o
    0x00001fe8   0x00000070   Code   RO          154    i.init              operations.o
    0x00002058   0x0000004c   Code   RO           82    i.lcdwrite          nokia5110.o
    0x000020a4   0x000000a0   Code   RO          497    i.main              xo.o
    0x00002144   0x000000a4   Code   RO          155    i.move              operations.o
    0x000021e8   0x00000028   Code   RO          247    i.play_again        screens.o
    0x00002210   0x00000018   Code   RO          248    i.play_on_timer     screens.o
    0x00002228   0x0000017c   Code   RO          249    i.printTime         screens.o
    0x000023a4   0x0000005c   Code   RO          448    i.reset_timer       timers.o
    0x00002400   0x00000018   Code   RO          156    i.select_turn       operations.o
    0x00002418   0x00000034   Code   RO           15    i.setLED_D          leds.o
    0x0000244c   0x00000034   Code   RO           16    i.setLED_O          leds.o
    0x00002480   0x00000034   Code   RO           17    i.setLED_X          leds.o
    0x000024b4   0x00000018   Code   RO          250    i.splashScreen      screens.o
    0x000024cc   0x000000b8   Code   RO          251    i.startGame         screens.o
    0x00002584   0x00000038   Code   RO          252    i.turnO             screens.o
    0x000025bc   0x00000034   Code   RO          253    i.turnX             screens.o
    0x000025f0   0x0000015c   Code   RO          157    i.update            operations.o
    0x0000274c   0x0000001c   Code   RO          254    i.winner_o          screens.o
    0x00002768   0x0000001c   Code   RO          255    i.winner_x          screens.o
    0x00002784   0x0000006c   Code   RO          158    i.xo_play           operations.o
    0x000027f0   0x00004855   Data   RO          256    .constdata          screens.o
    0x00007045   0x00000168   Data   RO          342    .constdata          texas.o
    0x000071ad   0x00000003   PAD
    0x000071b0   0x00000020   Data   RO          798    Region$$Table       anon$$obj.o


    Execution Region ER_RW (Base: 0x20000000, Size: 0x000009c8, Max: 0xffffffff, ABSOLUTE, COMPRESSED[0x000000fc])

    Base Addr    Size         Type   Attr      Idx    E Section Name        Object

    0x20000000   0x00000004   Data   RW          218    .data               ports.o
    0x20000004   0x00000780   Data   RW          257    .data               screens.o
    0x20000784   0x00000034   Data   RW          343    .data               texas.o
    0x200007b8   0x00000004   Data   RW          450    .data               timers.o
    0x200007bc   0x00000020   Data   RW          500    .data               xo.o
    0x200007dc   0x000001e6   Data   RW          611    .data               ports_cfg.o
    0x200009c2   0x00000004   Data   RW          626    .data               timer_cfg.o


    Execution Region ER_ZI (Base: 0x200009c8, Size: 0x000006b8, Max: 0xffffffff, ABSOLUTE)

    Base Addr    Size         Type   Attr      Idx    E Section Name        Object

    0x200009c8   0x000001f8   Zero   RW           83    .bss                nokia5110.o
    0x20000bc0   0x00000038   Zero   RW          341    .bss                texas.o
    0x20000bf8   0x00000024   Zero   RW          498    .bss                xo.o
    0x20000c1c   0x00000060   Zero   RW          675    .bss                c_w.l(libspace.o)
    0x20000c7c   0x00000004   PAD
    0x20000c80   0x00000000   Zero   RW            2    HEAP                startup.o
    0x20000c80   0x00000400   Zero   RW            1    STACK               startup.o


==============================================================================

Image component sizes


      Code (inc. data)   RO Data    RW Data    ZI Data      Debug   Object Name

       244         38          0          0          0       3462   leds.o
      1018         72          0          0        504       6219   nokia5110.o
      1444        292          0          0          0       4214   operations.o
      3012        122          0          4          0       3992   ports.o
         0          0          0        486          0       1774   ports_cfg.o
       868        126      18517       1920          0       5494   screens.o
       692        632          0          0       1024        868   startup.o
      1120        244        360         52         56      15660   texas.o
         0          0          0          4          0        883   timer_cfg.o
      1092        172          0          4          0       4199   timers.o
       234         40          0          0          0       1550   uart.o
       160         24          0         32         36       1527   xo.o

    ----------------------------------------------------------------------
      9888       1762      18912       2504       1620      49842   Object Totals
         0          0         32          0          0          0   (incl. Generated)
         4          0          3          2          0          0   (incl. Padding)

    ----------------------------------------------------------------------

      Code (inc. data)   RO Data    RW Data    ZI Data      Debug   Library Member Name

        90          0          0          0          0          0   __dczerorl2.o
         8          0          0          0          0         68   __main.o
        52          8          0          0          0          0   __scatter.o
        28          0          0          0          0          0   __scatter_zi.o
        12          0          0          0          0         72   exit.o
         6          0          0          0          0        152   heapauxi.o
         0          0          0          0          0          0   indicate_semi.o
         2          0          0          0          0          0   libinit.o
         2          0          0          0          0          0   libinit2.o
         2          0          0          0          0          0   libshutdown.o
         2          0          0          0          0          0   libshutdown2.o
         8          4          0          0         96         68   libspace.o
         0          0          0          0          0          0   rtentry.o
        12          0          0          0          0          0   rtentry2.o
         6          0          0          0          0          0   rtentry4.o
         2          0          0          0          0          0   rtexit.o
        10          0          0          0          0          0   rtexit2.o
        12          4          0          0          0         68   sys_exit.o
        74          0          0          0          0         80   sys_stackheap_outer.o
         2          0          0          0          0         68   use_no_semi.o

    ----------------------------------------------------------------------
       336         16          0          0        100        576   Library Totals
         6          0          0          0          4          0   (incl. Padding)

    ----------------------------------------------------------------------

      Code (inc. data)   RO Data    RW Data    ZI Data      Debug   Library Name

       330         16          0          0         96        576   c_w.l

    ----------------------------------------------------------------------
       336         16          0          0        100        576   Library Totals

    ----------------------------------------------------------------------

==============================================================================


      Code (inc. data)   RO Data    RW Data    ZI Data      Debug   

     10224       1778      18912       2504       1720      47454   Grand Totals
     10224       1778      18912        252       1720      47454   ELF Image Totals (compressed)
     10224       1778      18912        252          0          0   ROM Totals

==============================================================================

    Total RO  Size (Code + RO Data)                29136 (  28.45kB)
    Total RW  Size (RW Data + ZI Data)              4224 (   4.13kB)
    Total ROM Size (Code + RO Data + RW Data)      29388 (  28.70kB)

==============================================================================

